  ▲ Next.js 14.2.35
  - Environments: .env.local

   Creating an optimized production build ...
 ✓ Compiled successfully
   Linting and checking validity of types ...
   Collecting page data ...
   Generating static pages (0/11) ...
   Generating static pages (2/11) 
   Generating static pages (5/11) 
   Generating static pages (8/11) 
 ✓ Generating static pages (11/11)
   Finalizing page optimization ...
   Collecting build traces ...

Route (app)                              Size     First Load JS
┌ ƒ /                                    180 B          96.1 kB
├ ○ /_not-found                          873 B          88.1 kB
├ ƒ /admin                               639 B          96.6 kB
├ ○ /admin/login                         908 B          88.2 kB
├ ƒ /admin/matches/[id]/edit             135 B          95.4 kB
├ ○ /admin/new                           135 B          95.4 kB
├ ƒ /api/admin/login                     0 B                0 B
├ ƒ /api/admin/logout                    0 B                0 B
├ ƒ /api/matches                         0 B                0 B
├ ƒ /api/matches/[id]                    0 B                0 B
├ ƒ /matches/[id]                        4.01 kB         100 kB
├ ƒ /players                             180 B          96.1 kB
└ ƒ /players/[uname]                     180 B          96.1 kB
+ First Load JS shared by all            87.3 kB
  ├ chunks/117-0362b5520bc037f3.js       31.7 kB
  ├ chunks/fd9d1056-9a2c14eceea65ea7.js  53.6 kB
  └ other shared chunks (total)          1.89 kB


ƒ Middleware                             26.7 kB

○  (Static)   prerendered as static content
ƒ  (Dynamic)  server-rendered on demand

